\BOOKMARK [1][-]{section.1}{\376\377\000I\000n\000t\000r\000o\000d\000u\000c\000t\000i\000o\000n}{}% 1
\BOOKMARK [1][-]{section.2}{\376\377\000A\000s\000s\000u\000m\000p\000t\000i\000o\000n\000s}{}% 2
\BOOKMARK [2][-]{subsection.2.1}{\376\377\000A\000d\000d\000i\000t\000i\000o\000n\000a\000l\000\040\000M\000o\000d\000e\000l\000i\000n\000g\000\040\000A\000s\000s\000u\000m\000p\000t\000i\000o\000n\000s}{section.2}% 3
\BOOKMARK [1][-]{section.3}{\376\377\000B\000a\000c\000k\000g\000r\000o\000u\000n\000d\000\040\000o\000n\000\040\000D\000e\000v\000e\000l\000o\000p\000i\000n\000g\000\040\000E\000q\000u\000a\000i\000t\000o\000n\000s}{}% 4
\BOOKMARK [2][-]{subsection.3.1}{\376\377\000E\000q\000u\000i\000v\000a\000l\000e\000n\000t\000\040\000C\000i\000r\000c\000u\000i\000t\000\040\000M\000o\000d\000e\000l\000\040\000\050\000E\000C\000M\000\051\000\040\000o\000f\000\040\000t\000h\000e\000\040\000B\000a\000t\000t\000e\000r\000y}{section.3}% 5
\BOOKMARK [2][-]{subsection.3.2}{\376\377\000P\000h\000y\000s\000i\000c\000a\000l\000\040\000P\000o\000w\000e\000r\000\040\000L\000a\000w\000s}{section.3}% 6
\BOOKMARK [1][-]{section.4}{\376\377\000C\000o\000n\000t\000i\000n\000u\000o\000u\000s\000-\000T\000i\000m\000e\000\040\000M\000o\000d\000e\000l}{}% 7
\BOOKMARK [2][-]{subsection.4.1}{\376\377\000T\000h\000e\000\040\000G\000o\000v\000e\000r\000n\000i\000n\000g\000\040\000E\000q\000u\000a\000t\000i\000o\000n}{section.4}% 8
\BOOKMARK [2][-]{subsection.4.2}{\376\377\000T\000e\000r\000m\000i\000n\000a\000l\000\040\000V\000o\000l\000t\000a\000g\000e\000\040\000D\000y\000n\000a\000m\000i\000c\000s\000\040\000\050\0002\000R\000C\000\040\000M\000o\000d\000e\000l\000\051}{section.4}% 9
\BOOKMARK [2][-]{subsection.4.3}{\376\377\000T\000o\000t\000a\000l\000\040\000P\000o\000w\000e\000r\000\040\000o\000f\000\040\000S\000y\000s\000t\000e\000m}{section.4}% 10
\BOOKMARK [2][-]{subsection.4.4}{\376\377\000H\000a\000r\000d\000w\000a\000r\000e\000\040\000M\000o\000d\000e\000l\000s}{section.4}% 11
\BOOKMARK [3][-]{subsubsection.4.4.1}{\376\377\000C\000e\000n\000t\000r\000a\000l\000\040\000P\000r\000o\000c\000e\000s\000s\000i\000n\000g\000\040\000U\000n\000i\000t\000\040\000\050\000C\000P\000U\000\051}{subsection.4.4}% 12
\BOOKMARK [3][-]{subsubsection.4.4.2}{\376\377\000D\000i\000s\000p\000l\000a\000y\000\040\000\050\000O\000L\000E\000D\000\040\000v\000s\000\040\000L\000C\000D\000\051}{subsection.4.4}% 13
\BOOKMARK [3][-]{subsubsection.4.4.3}{\376\377\000N\000e\000t\000w\000o\000r\000k\000\040\000a\000n\000d\000\040\000M\000o\000d\000e\000m\000s}{subsection.4.4}% 14
\BOOKMARK [3][-]{subsubsection.4.4.4}{\376\377\000O\000t\000h\000e\000r\000\040\000H\000a\000r\000d\000w\000a\000r\000e\000\040\000P\000a\000r\000a\000m\000e\000t\000e\000r\000s}{subsection.4.4}% 15
\BOOKMARK [2][-]{subsection.4.5}{\376\377\000S\000o\000f\000t\000w\000a\000r\000e\000\040\000M\000o\000d\000e\000l\000s}{section.4}% 16
\BOOKMARK [3][-]{subsubsection.4.5.1}{\376\377\000A\000p\000p\000\040\000C\000l\000u\000s\000t\000e\000r\000s\000\040\000a\000n\000d\000\040\000W\000a\000k\000e\000\040\000L\000o\000c\000k\000s}{subsection.4.5}% 17
\BOOKMARK [3][-]{subsubsection.4.5.2}{\376\377\000I\000n\000d\000e\000x\000i\000n\000g\000\040\000a\000n\000d\000\040\000G\000a\000r\000b\000a\000g\000e\000\040\000C\000o\000l\000l\000e\000c\000t\000i\000o\000n}{subsection.4.5}% 18
\BOOKMARK [1][-]{section.5}{\376\377\000G\000a\000i\000n\000e\000r\000s\000:\000\040\000C\000h\000a\000r\000g\000i\000n\000g\000\040\000M\000o\000d\000e\000l}{}% 19
\BOOKMARK [1][-]{section.6}{\376\377\000S\000y\000s\000t\000e\000m\000\040\000I\000m\000p\000l\000e\000m\000e\000n\000t\000a\000t\000i\000o\000n\000\040\000a\000n\000d\000\040\000O\000p\000t\000i\000m\000i\000z\000a\000t\000i\000o\000n}{}% 20
\BOOKMARK [2][-]{subsection.6.1}{\376\377\000T\000h\000e\000\040\000C\000o\000m\000p\000l\000e\000t\000e\000\040\000M\000o\000d\000e\000l}{section.6}% 21
\BOOKMARK [2][-]{subsection.6.2}{\376\377\000L\000o\000w\000\040\000P\000o\000w\000e\000r\000\040\000M\000o\000d\000e\000\040\000\050\000L\000P\000M\000\051\000\040\000M\000o\000d\000e\000l}{section.6}% 22
\BOOKMARK [2][-]{subsection.6.3}{\376\377\000T\000h\000e\000r\000m\000a\000l\000\040\000T\000h\000r\000o\000t\000t\000l\000i\000n\000g\000\040\000M\000o\000d\000e\000l}{section.6}% 23
\BOOKMARK [1][-]{section.7}{\376\377\000E\000q\000u\000a\000t\000i\000o\000n\000\040\000D\000e\000v\000e\000l\000o\000p\000m\000e\000n\000t\000\040\000S\000u\000m\000m\000a\000r\000y}{}% 24
\BOOKMARK [1][-]{section.8}{\376\377\000C\000a\000s\000e\000\040\000S\000t\000u\000d\000y\000:\000\040\000i\000P\000h\000o\000n\000e\000\040\000\050\000L\000i\000m\000i\000t\000e\000d\000\040\000v\000s\000.\000\040\000P\000o\000w\000e\000r\000\040\000U\000s\000e\000r\000\051}{}% 25
\BOOKMARK [2][-]{subsection.8.1}{\376\377\000U\000s\000e\000r\000\040\000A\000:\000\040\000T\000h\000e\000\040\000P\000o\000w\000e\000r\000\040\000U\000s\000e\000r}{section.8}% 26
\BOOKMARK [2][-]{subsection.8.2}{\376\377\000U\000s\000e\000r\000\040\000B\000:\000\040\000T\000h\000e\000\040\000L\000i\000m\000i\000t\000e\000d\000\040\000U\000s\000e\000r}{section.8}% 27
\BOOKMARK [1][-]{section.9}{\376\377\000C\000a\000s\000e\000\040\000S\000t\000u\000d\000y\000:\000\040\000A\000n\000d\000r\000o\000i\000d\000\040\000\050\000P\000o\000w\000e\000r\000\040\000v\000s\000.\000\040\000L\000i\000m\000i\000t\000e\000d\000\040\000U\000s\000e\000r\000\051}{}% 28
\BOOKMARK [2][-]{subsection.9.1}{\376\377\000U\000s\000e\000r\000\040\000A\000:\000\040\000T\000h\000e\000\040\000P\000o\000w\000e\000r\000\040\000U\000s\000e\000r}{section.9}% 29
\BOOKMARK [2][-]{subsection.9.2}{\376\377\000S\000c\000e\000n\000a\000r\000i\000o\000\040\000B\000:\000\040\000T\000h\000e\000\040\000L\000i\000m\000i\000t\000e\000d\000\040\000U\000s\000e\000r}{section.9}% 30
\BOOKMARK [1][-]{section.10}{\376\377\000O\000p\000t\000i\000m\000i\000z\000a\000t\000i\000o\000n\000\040\000M\000o\000d\000e\000l\000:\000\040\000D\000a\000r\000k\000\040\000M\000o\000d\000e\000\040\000\046\000\040\000A\000p\000p\000\040\000C\000l\000u\000s\000t\000e\000r\000i\000n\000g}{}% 31
\BOOKMARK [2][-]{subsection.10.1}{\376\377\000D\000a\000r\000k\000\040\000M\000o\000d\000e\000\040\000O\000p\000t\000i\000m\000i\000z\000a\000t\000i\000o\000n}{section.10}% 32
\BOOKMARK [2][-]{subsection.10.2}{\376\377\000A\000p\000p\000\040\000U\000s\000a\000g\000e\000\040\000C\000l\000u\000s\000t\000e\000r\000i\000n\000g}{section.10}% 33
\BOOKMARK [1][-]{section.11}{\376\377\000D\000a\000t\000a\000s\000e\000t\000\040\000A\000p\000p\000l\000i\000c\000a\000t\000i\000o\000n\000s\000\040\000\046\000\040\000P\000r\000a\000c\000t\000i\000c\000a\000l\000\040\000A\000p\000p\000l\000i\000c\000a\000t\000i\000o\000n\000s}{}% 34
\BOOKMARK [2][-]{subsection.11.1}{\376\377\000U\000s\000e\000r\000\040\000B\000e\000h\000a\000v\000i\000o\000r}{section.11}% 35
\BOOKMARK [2][-]{subsection.11.2}{\376\377\000R\000e\000m\000a\000i\000n\000i\000n\000g\000\040\000U\000s\000e\000f\000u\000l\000\040\000L\000i\000f\000e\000\040\000\050\000R\000U\000L\000\051\000\040\000E\000v\000a\000l\000u\000a\000t\000i\000o\000n}{section.11}% 36
\BOOKMARK [1][-]{section.12}{\376\377\000S\000t\000r\000e\000n\000g\000t\000h\000s\000\040\000a\000n\000d\000\040\000W\000e\000a\000k\000n\000e\000s\000s\000e\000s}{}% 37
\BOOKMARK [2][-]{subsection.12.1}{\376\377\000S\000t\000r\000e\000n\000g\000t\000h\000s}{section.12}% 38
\BOOKMARK [2][-]{subsection.12.2}{\376\377\000W\000e\000a\000k\000n\000e\000s\000s\000e\000s}{section.12}% 39
\BOOKMARK [1][-]{section.13}{\376\377\000F\000u\000t\000u\000r\000e\000\040\000W\000o\000r\000k}{}% 40
\BOOKMARK [1][-]{appendix.A}{\376\377\000A\000p\000p\000e\000n\000d\000i\000x\000\040\000A\000:\000\040\000P\000y\000t\000h\000o\000n\000\040\000M\000o\000d\000e\000l\000i\000n\000g\000\040\000C\000o\000d\000e\000\040\000\050\000P\000a\000r\000t\000\040\0001\000\051}{}% 41
\BOOKMARK [1][-]{appendix.B}{\376\377\000A\000p\000p\000e\000n\000d\000i\000x\000\040\000B\000:\000\040\000F\000i\000g\000u\000r\000e\000s\000\040\000o\000f\000\040\000A\000p\000p\000l\000i\000c\000a\000t\000i\000o\000n\000\040\000I\000n\000t\000e\000r\000f\000a\000c\000e}{}% 42
\BOOKMARK [1][-]{appendix.C}{\376\377\000A\000p\000p\000e\000n\000d\000i\000x\000\040\000C\000:\000\040\000M\000a\000t\000h\000e\000m\000a\000t\000i\000c\000a\000l\000\040\000D\000e\000r\000i\000v\000a\000t\000i\000o\000n\000s}{}% 43
\BOOKMARK [1][-]{appendix.D}{\376\377\000A\000p\000p\000e\000n\000d\000i\000x\000\040\000D\000:\000\040\000D\000a\000t\000a\000s\000e\000t\000\040\000M\000e\000t\000a\000d\000a\000t\000a}{}% 44
